2026-09-19 18:22:27 INFO  [restartedMain] c.I.M.MmrServiceApplication - Starting MmrServiceApplication using Java 21.0.11 with PID 13820 (C:\Users\vamsh\Desktop\MasterClass\Microservices\MMR-Service\target\classes started by vamsh in C:\Users\vamsh\Desktop\MasterClass\Microservices)
2026-09-19 18:22:27 DEBUG [restartedMain] c.I.M.MmrServiceApplication - Running with Spring Boot v4.0.8, Spring v7.0.9
2026-09-19 18:22:27 INFO  [restartedMain] c.I.M.MmrServiceApplication - No active profile set, falling back to 1 default profile: "default"
2026-09-19 18:22:27 INFO  [restartedMain] o.s.b.d.e.DevToolsPropertyDefaultsPostProcessor - Devtools property defaults active! Set 'spring.devtools.add-properties' to 'false' to disable
2026-09-19 18:22:28 INFO  [restartedMain] o.s.b.d.e.DevToolsPropertyDefaultsPostProcessor - For additional web related logging consider setting the 'logging.level.web' property to 'DEBUG'
2026-09-19 18:22:28 INFO  [restartedMain] o.s.d.r.c.RepositoryConfigurationDelegate - Bootstrapping Spring Data JPA repositories in DEFAULT mode.
2026-09-19 18:22:29 INFO  [restartedMain] o.s.d.r.c.RepositoryConfigurationDelegate - Finished Spring Data repository scanning in 63 ms. Found 1 JPA repository interface.
2026-09-19 18:22:29 INFO  [restartedMain] o.s.boot.tomcat.TomcatWebServer - Tomcat initialized with port 8081 (http)
2026-09-19 18:22:29 INFO  [restartedMain] o.a.catalina.core.StandardService - Starting service [Tomcat]
2026-09-19 18:22:29 INFO  [restartedMain] o.a.catalina.core.StandardEngine - Starting Servlet engine: [Apache Tomcat/11.0.24]
2026-09-19 18:22:29 INFO  [restartedMain] o.s.b.w.c.s.WebApplicationContextInitializer - Root WebApplicationContext: initialization completed in 1905 ms
2026-09-19 18:22:30 INFO  [restartedMain] org.hibernate.orm.jpa - HHH008540: Processing PersistenceUnitInfo [name: default]
2026-09-19 18:22:30 INFO  [restartedMain] org.hibernate.orm.core - HHH000001: Hibernate ORM core version 7.2.24.Final
2026-09-19 18:22:30 INFO  [restartedMain] o.s.o.j.p.SpringPersistenceUnitInfo - No LoadTimeWeaver setup: ignoring JPA class transformer
2026-09-19 18:22:31 INFO  [restartedMain] com.zaxxer.hikari.HikariDataSource - HikariPool-1 - Starting...
2026-09-19 18:22:31 INFO  [restartedMain] com.zaxxer.hikari.pool.HikariPool - HikariPool-1 - Added connection com.mysql.cj.jdbc.ConnectionImpl@24564ec3
2026-09-19 18:22:31 INFO  [restartedMain] com.zaxxer.hikari.HikariDataSource - HikariPool-1 - Start completed.
2026-09-19 18:22:31 INFO  [restartedMain] o.hibernate.orm.connections.pooling - HHH10001005: Database info:
	Database JDBC URL [jdbc:mysql://localhost:3306/mmt_db]
	Database driver: MySQL Connector/J
	Database dialect: MySQLDialect
	Database version: 8.0.46
	Default catalog/schema: mmt_db/undefined
	Autocommit mode: undefined/unknown
	Isolation level: REPEATABLE_READ [default REPEATABLE_READ]
	JDBC fetch size: none
	Pool: DataSourceConnectionProvider
	Minimum pool size: undefined/unknown
	Maximum pool size: undefined/unknown
2026-09-19 18:22:32 INFO  [restartedMain] org.hibernate.orm.core - HHH000489: No JTA platform available (set 'hibernate.transaction.jta.platform' to enable JTA platform integration)
2026-09-19 18:22:32 INFO  [restartedMain] o.s.o.j.LocalContainerEntityManagerFactoryBean - Initialized JPA EntityManagerFactory for persistence unit 'default'
2026-09-19 18:22:33 INFO  [restartedMain] o.s.d.j.r.q.QueryEnhancerFactories - Hibernate is in classpath; If applicable, HQL parser will be used.
2026-09-19 18:22:33 WARN  [restartedMain] o.s.b.j.a.JpaBaseConfiguration$JpaWebConfiguration - spring.jpa.open-in-view is enabled by default. Therefore, database queries may be performed during view rendering. Explicitly configure spring.jpa.open-in-view to disable this warning
2026-09-19 18:22:34 INFO  [restartedMain] o.s.boot.tomcat.TomcatWebServer - Tomcat started on port 8081 (http) with context path '/'
2026-09-19 18:22:34 INFO  [restartedMain] c.I.M.MmrServiceApplication - Started MmrServiceApplication in 6.68 seconds (process running for 7.427)
2026-09-19 18:22:34 WARN  [restartedMain] o.s.c.events.SpringDocAppInitializer - SpringDoc /v3/api-docs endpoint is enabled by default. To disable it in production, set the property 'springdoc.api-docs.enabled=false'
2026-09-19 18:22:34 WARN  [restartedMain] o.s.c.events.SpringDocAppInitializer - SpringDoc /swagger-ui.html endpoint is enabled by default. To disable it in production, set the property 'springdoc.swagger-ui.enabled=false'
2026-09-19 18:22:41 INFO  [http-nio-8081-exec-1] o.a.c.c.C.[Tomcat].[localhost].[/] - Initializing Spring DispatcherServlet 'dispatcherServlet'
2026-09-19 18:22:41 INFO  [http-nio-8081-exec-1] o.s.web.servlet.DispatcherServlet - Initializing Servlet 'dispatcherServlet'
2026-09-19 18:22:41 INFO  [http-nio-8081-exec-1] o.s.web.servlet.DispatcherServlet - Completed initialization in 3 ms
2026-09-19 18:22:42 DEBUG [http-nio-8081-exec-1] c.I.M.ServiceImpl.BookingServiceImpl - createBooking with request com.Irctc.MMR_Service.Dto.BookingRequestDto@3ac03b89
2026-09-19 18:22:42 INFO  [http-nio-8081-exec-1] c.I.M.ServiceImpl.BookingServiceImpl - Booking: com.Irctc.MMR_Service.Dto.BookingRequestDto@3ac03b89
2026-09-19 18:22:42 DEBUG [http-nio-8081-exec-1] org.hibernate.SQL - insert into bookings (amount,destination,passenger_name,seats,source,status,train_id,train_name) values (?,?,?,?,?,?,?,?)
2026-09-19 18:22:42 INFO  [http-nio-8081-exec-1] c.I.M.ServiceImpl.BookingServiceImpl - Booking last line
2026-09-19 18:22:43 DEBUG [http-nio-8081-exec-2] c.I.M.ServiceImpl.BookingServiceImpl - createBooking with request com.Irctc.MMR_Service.Dto.BookingRequestDto@33981353
2026-09-19 18:22:43 INFO  [http-nio-8081-exec-2] c.I.M.ServiceImpl.BookingServiceImpl - Booking: com.Irctc.MMR_Service.Dto.BookingRequestDto@33981353
2026-09-19 18:22:43 DEBUG [http-nio-8081-exec-2] org.hibernate.SQL - insert into bookings (amount,destination,passenger_name,seats,source,status,train_id,train_name) values (?,?,?,?,?,?,?,?)
2026-09-19 18:22:44 INFO  [http-nio-8081-exec-2] c.I.M.ServiceImpl.BookingServiceImpl - Booking last line
2026-09-19 18:22:45 DEBUG [http-nio-8081-exec-3] c.I.M.ServiceImpl.BookingServiceImpl - createBooking with request com.Irctc.MMR_Service.Dto.BookingRequestDto@40450d23
2026-09-19 18:22:45 INFO  [http-nio-8081-exec-3] c.I.M.ServiceImpl.BookingServiceImpl - Booking: com.Irctc.MMR_Service.Dto.BookingRequestDto@40450d23
2026-09-19 18:22:45 DEBUG [http-nio-8081-exec-3] org.hibernate.SQL - insert into bookings (amount,destination,passenger_name,seats,source,status,train_id,train_name) values (?,?,?,?,?,?,?,?)
2026-09-19 18:22:45 INFO  [http-nio-8081-exec-3] c.I.M.ServiceImpl.BookingServiceImpl - Booking last line
2026-09-19 18:34:08 INFO  [SpringApplicationShutdownHook] o.s.boot.tomcat.GracefulShutdown - Commencing graceful shutdown. Waiting for active requests to complete
2026-09-19 18:34:08 INFO  [tomcat-shutdown] o.s.boot.tomcat.GracefulShutdown - Graceful shutdown complete
2026-09-19 18:34:08 INFO  [SpringApplicationShutdownHook] o.s.o.j.LocalContainerEntityManagerFactoryBean - Closing JPA EntityManagerFactory for persistence unit 'default'
