2026-09-19 18:09:57 INFO  [restartedMain] c.I.M.MmrServiceApplication - Starting MmrServiceApplication using Java 21.0.11 with PID 8796 (C:\Users\vamsh\Desktop\MasterClass\Microservices\MMR-Service\target\classes started by vamsh in C:\Users\vamsh\Desktop\MasterClass\Microservices)
2026-09-19 18:09:57 DEBUG [restartedMain] c.I.M.MmrServiceApplication - Running with Spring Boot v4.0.8, Spring v7.0.9
2026-09-19 18:09:57 INFO  [restartedMain] c.I.M.MmrServiceApplication - No active profile set, falling back to 1 default profile: "default"
2026-09-19 18:09:57 INFO  [restartedMain] o.s.b.d.e.DevToolsPropertyDefaultsPostProcessor - Devtools property defaults active! Set 'spring.devtools.add-properties' to 'false' to disable
2026-09-19 18:09:57 INFO  [restartedMain] o.s.b.d.e.DevToolsPropertyDefaultsPostProcessor - For additional web related logging consider setting the 'logging.level.web' property to 'DEBUG'
2026-09-19 18:09:58 INFO  [restartedMain] o.s.d.r.c.RepositoryConfigurationDelegate - Bootstrapping Spring Data JPA repositories in DEFAULT mode.
2026-09-19 18:09:58 INFO  [restartedMain] o.s.d.r.c.RepositoryConfigurationDelegate - Finished Spring Data repository scanning in 53 ms. Found 1 JPA repository interface.
2026-09-19 18:09:59 INFO  [restartedMain] o.s.boot.tomcat.TomcatWebServer - Tomcat initialized with port 8081 (http)
2026-09-19 18:09:59 INFO  [restartedMain] o.a.catalina.core.StandardService - Starting service [Tomcat]
2026-09-19 18:09:59 INFO  [restartedMain] o.a.catalina.core.StandardEngine - Starting Servlet engine: [Apache Tomcat/11.0.24]
2026-09-19 18:09:59 INFO  [restartedMain] o.s.b.w.c.s.WebApplicationContextInitializer - Root WebApplicationContext: initialization completed in 1811 ms
2026-09-19 18:09:59 INFO  [restartedMain] org.hibernate.orm.jpa - HHH008540: Processing PersistenceUnitInfo [name: default]
2026-09-19 18:09:59 INFO  [restartedMain] org.hibernate.orm.core - HHH000001: Hibernate ORM core version 7.2.24.Final
2026-09-19 18:10:00 INFO  [restartedMain] o.s.o.j.p.SpringPersistenceUnitInfo - No LoadTimeWeaver setup: ignoring JPA class transformer
2026-09-19 18:10:00 INFO  [restartedMain] com.zaxxer.hikari.HikariDataSource - HikariPool-1 - Starting...
2026-09-19 18:10:00 INFO  [restartedMain] com.zaxxer.hikari.pool.HikariPool - HikariPool-1 - Added connection com.mysql.cj.jdbc.ConnectionImpl@76b17cf0
2026-09-19 18:10:00 INFO  [restartedMain] com.zaxxer.hikari.HikariDataSource - HikariPool-1 - Start completed.
2026-09-19 18:10:00 INFO  [restartedMain] o.hibernate.orm.connections.pooling - HHH10001005: Database info:
	Database JDBC URL [jdbc:mysql://localhost:3306/mmt_db]
	Database driver: MySQL Connector/J
	Database dialect: MySQLDialect
	Database version: 8.0.46
	Default catalog/schema: mmt_db/undefined
	Autocommit mode: undefined/unknown
	Isolation level: REPEATABLE_READ [default REPEATABLE_READ]
	JDBC fetch size: none
	Pool: DataSourceConnectionProvider
	Minimum pool size: undefined/unknown
	Maximum pool size: undefined/unknown
2026-09-19 18:10:01 INFO  [restartedMain] org.hibernate.orm.core - HHH000489: No JTA platform available (set 'hibernate.transaction.jta.platform' to enable JTA platform integration)
2026-09-19 18:10:02 INFO  [restartedMain] o.s.o.j.LocalContainerEntityManagerFactoryBean - Initialized JPA EntityManagerFactory for persistence unit 'default'
2026-09-19 18:10:02 INFO  [restartedMain] o.s.d.j.r.q.QueryEnhancerFactories - Hibernate is in classpath; If applicable, HQL parser will be used.
2026-09-19 18:10:02 WARN  [restartedMain] o.s.b.j.a.JpaBaseConfiguration$JpaWebConfiguration - spring.jpa.open-in-view is enabled by default. Therefore, database queries may be performed during view rendering. Explicitly configure spring.jpa.open-in-view to disable this warning
2026-09-19 18:10:03 INFO  [restartedMain] o.s.boot.tomcat.TomcatWebServer - Tomcat started on port 8081 (http) with context path '/'
2026-09-19 18:10:03 INFO  [restartedMain] c.I.M.MmrServiceApplication - Started MmrServiceApplication in 6.284 seconds (process running for 6.934)
2026-09-19 18:10:03 WARN  [restartedMain] o.s.c.events.SpringDocAppInitializer - SpringDoc /v3/api-docs endpoint is enabled by default. To disable it in production, set the property 'springdoc.api-docs.enabled=false'
2026-09-19 18:10:03 WARN  [restartedMain] o.s.c.events.SpringDocAppInitializer - SpringDoc /swagger-ui.html endpoint is enabled by default. To disable it in production, set the property 'springdoc.swagger-ui.enabled=false'
2026-09-19 18:10:06 INFO  [http-nio-8081-exec-1] o.a.c.c.C.[Tomcat].[localhost].[/] - Initializing Spring DispatcherServlet 'dispatcherServlet'
2026-09-19 18:10:06 INFO  [http-nio-8081-exec-1] o.s.web.servlet.DispatcherServlet - Initializing Servlet 'dispatcherServlet'
2026-09-19 18:10:06 INFO  [http-nio-8081-exec-1] o.s.web.servlet.DispatcherServlet - Completed initialization in 2 ms
2026-09-19 18:10:07 DEBUG [http-nio-8081-exec-1] c.I.M.ServiceImpl.BookingServiceImpl - createBooking with request com.Irctc.MMR_Service.Dto.BookingRequestDto@8dff732
2026-09-19 18:10:07 INFO  [http-nio-8081-exec-1] c.I.M.ServiceImpl.BookingServiceImpl - Booking: com.Irctc.MMR_Service.Dto.BookingRequestDto@8dff732
2026-09-19 18:10:07 DEBUG [http-nio-8081-exec-1] org.hibernate.SQL - insert into bookings (amount,destination,passenger_name,seats,source,status,train_id,train_name) values (?,?,?,?,?,?,?,?)
2026-09-19 18:10:07 INFO  [http-nio-8081-exec-1] c.I.M.ServiceImpl.BookingServiceImpl - Booking last line
2026-09-19 18:10:24 INFO  [SpringApplicationShutdownHook] o.s.boot.tomcat.GracefulShutdown - Commencing graceful shutdown. Waiting for active requests to complete
2026-09-19 18:10:24 INFO  [tomcat-shutdown] o.s.boot.tomcat.GracefulShutdown - Graceful shutdown complete
2026-09-19 18:10:24 INFO  [SpringApplicationShutdownHook] o.s.o.j.LocalContainerEntityManagerFactoryBean - Closing JPA EntityManagerFactory for persistence unit 'default'
2026-09-19 18:10:24 INFO  [SpringApplicationShutdownHook] com.zaxxer.hikari.HikariDataSource - HikariPool-1 - Shutdown initiated...
2026-09-19 18:10:24 INFO  [SpringApplicationShutdownHook] com.zaxxer.hikari.HikariDataSource - HikariPool-1 - Shutdown completed.
2026-09-19 18:10:26 INFO  [restartedMain] c.I.M.MmrServiceApplication - Starting MmrServiceApplication using Java 21.0.11 with PID 15848 (C:\Users\vamsh\Desktop\MasterClass\Microservices\MMR-Service\target\classes started by vamsh in C:\Users\vamsh\Desktop\MasterClass\Microservices)
2026-09-19 18:10:26 DEBUG [restartedMain] c.I.M.MmrServiceApplication - Running with Spring Boot v4.0.8, Spring v7.0.9
2026-09-19 18:10:26 INFO  [restartedMain] c.I.M.MmrServiceApplication - No active profile set, falling back to 1 default profile: "default"
2026-09-19 18:10:26 INFO  [restartedMain] o.s.b.d.e.DevToolsPropertyDefaultsPostProcessor - Devtools property defaults active! Set 'spring.devtools.add-properties' to 'false' to disable
2026-09-19 18:10:26 INFO  [restartedMain] o.s.b.d.e.DevToolsPropertyDefaultsPostProcessor - For additional web related logging consider setting the 'logging.level.web' property to 'DEBUG'
2026-09-19 18:10:27 INFO  [restartedMain] o.s.d.r.c.RepositoryConfigurationDelegate - Bootstrapping Spring Data JPA repositories in DEFAULT mode.
2026-09-19 18:10:27 INFO  [restartedMain] o.s.d.r.c.RepositoryConfigurationDelegate - Finished Spring Data repository scanning in 65 ms. Found 1 JPA repository interface.
2026-09-19 18:10:28 INFO  [restartedMain] o.s.boot.tomcat.TomcatWebServer - Tomcat initialized with port 8081 (http)
2026-09-19 18:10:28 INFO  [restartedMain] o.a.catalina.core.StandardService - Starting service [Tomcat]
2026-09-19 18:10:28 INFO  [restartedMain] o.a.catalina.core.StandardEngine - Starting Servlet engine: [Apache Tomcat/11.0.24]
2026-09-19 18:10:28 INFO  [restartedMain] o.s.b.w.c.s.WebApplicationContextInitializer - Root WebApplicationContext: initialization completed in 1830 ms
2026-09-19 18:10:28 INFO  [restartedMain] org.hibernate.orm.jpa - HHH008540: Processing PersistenceUnitInfo [name: default]
2026-09-19 18:10:28 INFO  [restartedMain] org.hibernate.orm.core - HHH000001: Hibernate ORM core version 7.2.24.Final
2026-09-19 18:10:29 INFO  [restartedMain] o.s.o.j.p.SpringPersistenceUnitInfo - No LoadTimeWeaver setup: ignoring JPA class transformer
2026-09-19 18:10:29 INFO  [restartedMain] com.zaxxer.hikari.HikariDataSource - HikariPool-1 - Starting...
2026-09-19 18:10:30 INFO  [restartedMain] com.zaxxer.hikari.pool.HikariPool - HikariPool-1 - Added connection com.mysql.cj.jdbc.ConnectionImpl@50998dfa
2026-09-19 18:10:30 INFO  [restartedMain] com.zaxxer.hikari.HikariDataSource - HikariPool-1 - Start completed.
2026-09-19 18:10:30 INFO  [restartedMain] o.hibernate.orm.connections.pooling - HHH10001005: Database info:
	Database JDBC URL [jdbc:mysql://localhost:3306/mmt_db]
	Database driver: MySQL Connector/J
	Database dialect: MySQLDialect
	Database version: 8.0.46
	Default catalog/schema: mmt_db/undefined
	Autocommit mode: undefined/unknown
	Isolation level: REPEATABLE_READ [default REPEATABLE_READ]
	JDBC fetch size: none
	Pool: DataSourceConnectionProvider
	Minimum pool size: undefined/unknown
	Maximum pool size: undefined/unknown
2026-09-19 18:10:31 INFO  [restartedMain] org.hibernate.orm.core - HHH000489: No JTA platform available (set 'hibernate.transaction.jta.platform' to enable JTA platform integration)
2026-09-19 18:10:31 INFO  [restartedMain] o.s.o.j.LocalContainerEntityManagerFactoryBean - Initialized JPA EntityManagerFactory for persistence unit 'default'
2026-09-19 18:10:32 INFO  [restartedMain] o.s.d.j.r.q.QueryEnhancerFactories - Hibernate is in classpath; If applicable, HQL parser will be used.
2026-09-19 18:10:32 WARN  [restartedMain] o.s.b.j.a.JpaBaseConfiguration$JpaWebConfiguration - spring.jpa.open-in-view is enabled by default. Therefore, database queries may be performed during view rendering. Explicitly configure spring.jpa.open-in-view to disable this warning
2026-09-19 18:10:33 INFO  [restartedMain] o.s.boot.tomcat.TomcatWebServer - Tomcat started on port 8081 (http) with context path '/'
2026-09-19 18:10:33 INFO  [restartedMain] c.I.M.MmrServiceApplication - Started MmrServiceApplication in 7.42 seconds (process running for 8.162)
2026-09-19 18:10:33 WARN  [restartedMain] o.s.c.events.SpringDocAppInitializer - SpringDoc /v3/api-docs endpoint is enabled by default. To disable it in production, set the property 'springdoc.api-docs.enabled=false'
2026-09-19 18:10:33 WARN  [restartedMain] o.s.c.events.SpringDocAppInitializer - SpringDoc /swagger-ui.html endpoint is enabled by default. To disable it in production, set the property 'springdoc.swagger-ui.enabled=false'
2026-09-19 18:10:37 INFO  [http-nio-8081-exec-1] o.a.c.c.C.[Tomcat].[localhost].[/] - Initializing Spring DispatcherServlet 'dispatcherServlet'
2026-09-19 18:10:37 INFO  [http-nio-8081-exec-1] o.s.web.servlet.DispatcherServlet - Initializing Servlet 'dispatcherServlet'
2026-09-19 18:10:37 INFO  [http-nio-8081-exec-1] o.s.web.servlet.DispatcherServlet - Completed initialization in 3 ms
2026-09-19 18:10:37 DEBUG [http-nio-8081-exec-1] c.I.M.ServiceImpl.BookingServiceImpl - createBooking with request com.Irctc.MMR_Service.Dto.BookingRequestDto@16da2773
2026-09-19 18:10:37 INFO  [http-nio-8081-exec-1] c.I.M.ServiceImpl.BookingServiceImpl - Booking: com.Irctc.MMR_Service.Dto.BookingRequestDto@16da2773
2026-09-19 18:10:37 DEBUG [http-nio-8081-exec-1] org.hibernate.SQL - insert into bookings (amount,destination,passenger_name,seats,source,status,train_id,train_name) values (?,?,?,?,?,?,?,?)
2026-09-19 18:10:38 INFO  [http-nio-8081-exec-1] c.I.M.ServiceImpl.BookingServiceImpl - Booking last line
2026-09-19 18:11:25 INFO  [SpringApplicationShutdownHook] o.s.boot.tomcat.GracefulShutdown - Commencing graceful shutdown. Waiting for active requests to complete
2026-09-19 18:11:25 INFO  [tomcat-shutdown] o.s.boot.tomcat.GracefulShutdown - Graceful shutdown complete
2026-09-19 18:11:25 INFO  [SpringApplicationShutdownHook] o.s.o.j.LocalContainerEntityManagerFactoryBean - Closing JPA EntityManagerFactory for persistence unit 'default'
2026-09-19 18:11:25 INFO  [SpringApplicationShutdownHook] com.zaxxer.hikari.HikariDataSource - HikariPool-1 - Shutdown initiated...
2026-09-19 18:11:25 INFO  [SpringApplicationShutdownHook] com.zaxxer.hikari.HikariDataSource - HikariPool-1 - Shutdown completed.
2026-09-19 18:11:27 INFO  [restartedMain] c.I.M.MmrServiceApplication - Starting MmrServiceApplication using Java 21.0.11 with PID 25884 (C:\Users\vamsh\Desktop\MasterClass\Microservices\MMR-Service\target\classes started by vamsh in C:\Users\vamsh\Desktop\MasterClass\Microservices)
2026-09-19 18:11:27 DEBUG [restartedMain] c.I.M.MmrServiceApplication - Running with Spring Boot v4.0.8, Spring v7.0.9
2026-09-19 18:11:27 INFO  [restartedMain] c.I.M.MmrServiceApplication - No active profile set, falling back to 1 default profile: "default"
2026-09-19 18:11:27 INFO  [restartedMain] o.s.b.d.e.DevToolsPropertyDefaultsPostProcessor - Devtools property defaults active! Set 'spring.devtools.add-properties' to 'false' to disable
2026-09-19 18:11:27 INFO  [restartedMain] o.s.b.d.e.DevToolsPropertyDefaultsPostProcessor - For additional web related logging consider setting the 'logging.level.web' property to 'DEBUG'
2026-09-19 18:11:28 INFO  [restartedMain] o.s.d.r.c.RepositoryConfigurationDelegate - Bootstrapping Spring Data JPA repositories in DEFAULT mode.
2026-09-19 18:11:28 INFO  [restartedMain] o.s.d.r.c.RepositoryConfigurationDelegate - Finished Spring Data repository scanning in 81 ms. Found 1 JPA repository interface.
2026-09-19 18:11:29 INFO  [restartedMain] o.s.boot.tomcat.TomcatWebServer - Tomcat initialized with port 8081 (http)
2026-09-19 18:11:29 INFO  [restartedMain] o.a.catalina.core.StandardService - Starting service [Tomcat]
2026-09-19 18:11:29 INFO  [restartedMain] o.a.catalina.core.StandardEngine - Starting Servlet engine: [Apache Tomcat/11.0.24]
2026-09-19 18:11:29 INFO  [restartedMain] o.s.b.w.c.s.WebApplicationContextInitializer - Root WebApplicationContext: initialization completed in 1977 ms
2026-09-19 18:11:29 INFO  [restartedMain] org.hibernate.orm.jpa - HHH008540: Processing PersistenceUnitInfo [name: default]
2026-09-19 18:11:29 INFO  [restartedMain] org.hibernate.orm.core - HHH000001: Hibernate ORM core version 7.2.24.Final
2026-09-19 18:11:30 INFO  [restartedMain] o.s.o.j.p.SpringPersistenceUnitInfo - No LoadTimeWeaver setup: ignoring JPA class transformer
2026-09-19 18:11:30 INFO  [restartedMain] com.zaxxer.hikari.HikariDataSource - HikariPool-1 - Starting...
2026-09-19 18:11:31 INFO  [restartedMain] com.zaxxer.hikari.pool.HikariPool - HikariPool-1 - Added connection com.mysql.cj.jdbc.ConnectionImpl@4dcdd3e1
2026-09-19 18:11:31 INFO  [restartedMain] com.zaxxer.hikari.HikariDataSource - HikariPool-1 - Start completed.
2026-09-19 18:11:31 INFO  [restartedMain] o.hibernate.orm.connections.pooling - HHH10001005: Database info:
	Database JDBC URL [jdbc:mysql://localhost:3306/mmt_db]
	Database driver: MySQL Connector/J
	Database dialect: MySQLDialect
	Database version: 8.0.46
	Default catalog/schema: mmt_db/undefined
	Autocommit mode: undefined/unknown
	Isolation level: REPEATABLE_READ [default REPEATABLE_READ]
	JDBC fetch size: none
	Pool: DataSourceConnectionProvider
	Minimum pool size: undefined/unknown
	Maximum pool size: undefined/unknown
2026-09-19 18:11:32 INFO  [restartedMain] org.hibernate.orm.core - HHH000489: No JTA platform available (set 'hibernate.transaction.jta.platform' to enable JTA platform integration)
2026-09-19 18:11:32 INFO  [restartedMain] o.s.o.j.LocalContainerEntityManagerFactoryBean - Initialized JPA EntityManagerFactory for persistence unit 'default'
2026-09-19 18:11:32 INFO  [restartedMain] o.s.d.j.r.q.QueryEnhancerFactories - Hibernate is in classpath; If applicable, HQL parser will be used.
2026-09-19 18:11:32 WARN  [restartedMain] o.s.b.j.a.JpaBaseConfiguration$JpaWebConfiguration - spring.jpa.open-in-view is enabled by default. Therefore, database queries may be performed during view rendering. Explicitly configure spring.jpa.open-in-view to disable this warning
2026-09-19 18:11:33 INFO  [restartedMain] o.s.boot.tomcat.TomcatWebServer - Tomcat started on port 8081 (http) with context path '/'
2026-09-19 18:11:33 INFO  [restartedMain] c.I.M.MmrServiceApplication - Started MmrServiceApplication in 6.27 seconds (process running for 7.127)
2026-09-19 18:11:33 WARN  [restartedMain] o.s.c.events.SpringDocAppInitializer - SpringDoc /v3/api-docs endpoint is enabled by default. To disable it in production, set the property 'springdoc.api-docs.enabled=false'
2026-09-19 18:11:33 WARN  [restartedMain] o.s.c.events.SpringDocAppInitializer - SpringDoc /swagger-ui.html endpoint is enabled by default. To disable it in production, set the property 'springdoc.swagger-ui.enabled=false'
2026-09-19 18:11:41 INFO  [http-nio-8081-exec-1] o.a.c.c.C.[Tomcat].[localhost].[/] - Initializing Spring DispatcherServlet 'dispatcherServlet'
2026-09-19 18:11:41 INFO  [http-nio-8081-exec-1] o.s.web.servlet.DispatcherServlet - Initializing Servlet 'dispatcherServlet'
2026-09-19 18:11:41 INFO  [http-nio-8081-exec-1] o.s.web.servlet.DispatcherServlet - Completed initialization in 7 ms
2026-09-19 18:11:42 DEBUG [http-nio-8081-exec-1] c.I.M.ServiceImpl.BookingServiceImpl - createBooking with request com.Irctc.MMR_Service.Dto.BookingRequestDto@7542ebb2
2026-09-19 18:11:42 INFO  [http-nio-8081-exec-1] c.I.M.ServiceImpl.BookingServiceImpl - Booking: com.Irctc.MMR_Service.Dto.BookingRequestDto@7542ebb2
2026-09-19 18:11:42 DEBUG [http-nio-8081-exec-1] org.hibernate.SQL - insert into bookings (amount,destination,passenger_name,seats,source,status,train_id,train_name) values (?,?,?,?,?,?,?,?)
2026-09-19 18:11:43 INFO  [http-nio-8081-exec-1] c.I.M.ServiceImpl.BookingServiceImpl - Booking last line
2026-09-19 18:13:38 INFO  [SpringApplicationShutdownHook] o.s.boot.tomcat.GracefulShutdown - Commencing graceful shutdown. Waiting for active requests to complete
2026-09-19 18:13:38 INFO  [tomcat-shutdown] o.s.boot.tomcat.GracefulShutdown - Graceful shutdown complete
2026-09-19 18:13:38 INFO  [SpringApplicationShutdownHook] o.s.o.j.LocalContainerEntityManagerFactoryBean - Closing JPA EntityManagerFactory for persistence unit 'default'
2026-09-19 18:13:38 INFO  [SpringApplicationShutdownHook] com.zaxxer.hikari.HikariDataSource - HikariPool-1 - Shutdown initiated...
2026-09-19 18:13:38 INFO  [SpringApplicationShutdownHook] com.zaxxer.hikari.HikariDataSource - HikariPool-1 - Shutdown completed.
2026-09-19 18:13:40 INFO  [restartedMain] c.I.M.MmrServiceApplication - Starting MmrServiceApplication using Java 21.0.11 with PID 15212 (C:\Users\vamsh\Desktop\MasterClass\Microservices\MMR-Service\target\classes started by vamsh in C:\Users\vamsh\Desktop\MasterClass\Microservices)
2026-09-19 18:13:40 DEBUG [restartedMain] c.I.M.MmrServiceApplication - Running with Spring Boot v4.0.8, Spring v7.0.9
2026-09-19 18:13:40 INFO  [restartedMain] c.I.M.MmrServiceApplication - No active profile set, falling back to 1 default profile: "default"
2026-09-19 18:13:40 INFO  [restartedMain] o.s.b.d.e.DevToolsPropertyDefaultsPostProcessor - Devtools property defaults active! Set 'spring.devtools.add-properties' to 'false' to disable
2026-09-19 18:13:40 INFO  [restartedMain] o.s.b.d.e.DevToolsPropertyDefaultsPostProcessor - For additional web related logging consider setting the 'logging.level.web' property to 'DEBUG'
2026-09-19 18:13:41 INFO  [restartedMain] o.s.d.r.c.RepositoryConfigurationDelegate - Bootstrapping Spring Data JPA repositories in DEFAULT mode.
2026-09-19 18:13:41 INFO  [restartedMain] o.s.d.r.c.RepositoryConfigurationDelegate - Finished Spring Data repository scanning in 67 ms. Found 1 JPA repository interface.
2026-09-19 18:13:42 INFO  [restartedMain] o.s.boot.tomcat.TomcatWebServer - Tomcat initialized with port 8081 (http)
2026-09-19 18:13:42 INFO  [restartedMain] o.a.catalina.core.StandardService - Starting service [Tomcat]
2026-09-19 18:13:42 INFO  [restartedMain] o.a.catalina.core.StandardEngine - Starting Servlet engine: [Apache Tomcat/11.0.24]
2026-09-19 18:13:42 INFO  [restartedMain] o.s.b.w.c.s.WebApplicationContextInitializer - Root WebApplicationContext: initialization completed in 1909 ms
2026-09-19 18:13:42 INFO  [restartedMain] org.hibernate.orm.jpa - HHH008540: Processing PersistenceUnitInfo [name: default]
2026-09-19 18:13:42 INFO  [restartedMain] org.hibernate.orm.core - HHH000001: Hibernate ORM core version 7.2.24.Final
2026-09-19 18:13:43 INFO  [restartedMain] o.s.o.j.p.SpringPersistenceUnitInfo - No LoadTimeWeaver setup: ignoring JPA class transformer
2026-09-19 18:13:43 INFO  [restartedMain] com.zaxxer.hikari.HikariDataSource - HikariPool-1 - Starting...
2026-09-19 18:13:44 INFO  [restartedMain] com.zaxxer.hikari.pool.HikariPool - HikariPool-1 - Added connection com.mysql.cj.jdbc.ConnectionImpl@4f1d3d17
2026-09-19 18:13:44 INFO  [restartedMain] com.zaxxer.hikari.HikariDataSource - HikariPool-1 - Start completed.
2026-09-19 18:13:44 INFO  [restartedMain] o.hibernate.orm.connections.pooling - HHH10001005: Database info:
	Database JDBC URL [jdbc:mysql://localhost:3306/mmt_db]
	Database driver: MySQL Connector/J
	Database dialect: MySQLDialect
	Database version: 8.0.46
	Default catalog/schema: mmt_db/undefined
	Autocommit mode: undefined/unknown
	Isolation level: REPEATABLE_READ [default REPEATABLE_READ]
	JDBC fetch size: none
	Pool: DataSourceConnectionProvider
	Minimum pool size: undefined/unknown
	Maximum pool size: undefined/unknown
2026-09-19 18:13:45 INFO  [restartedMain] org.hibernate.orm.core - HHH000489: No JTA platform available (set 'hibernate.transaction.jta.platform' to enable JTA platform integration)
2026-09-19 18:13:45 INFO  [restartedMain] o.s.o.j.LocalContainerEntityManagerFactoryBean - Initialized JPA EntityManagerFactory for persistence unit 'default'
2026-09-19 18:13:46 INFO  [restartedMain] o.s.d.j.r.q.QueryEnhancerFactories - Hibernate is in classpath; If applicable, HQL parser will be used.
2026-09-19 18:13:46 WARN  [restartedMain] o.s.b.j.a.JpaBaseConfiguration$JpaWebConfiguration - spring.jpa.open-in-view is enabled by default. Therefore, database queries may be performed during view rendering. Explicitly configure spring.jpa.open-in-view to disable this warning
2026-09-19 18:13:48 INFO  [restartedMain] o.s.boot.tomcat.TomcatWebServer - Tomcat started on port 8081 (http) with context path '/'
2026-09-19 18:13:48 INFO  [restartedMain] c.I.M.MmrServiceApplication - Started MmrServiceApplication in 7.917 seconds (process running for 8.621)
2026-09-19 18:13:48 WARN  [restartedMain] o.s.c.events.SpringDocAppInitializer - SpringDoc /v3/api-docs endpoint is enabled by default. To disable it in production, set the property 'springdoc.api-docs.enabled=false'
2026-09-19 18:13:48 WARN  [restartedMain] o.s.c.events.SpringDocAppInitializer - SpringDoc /swagger-ui.html endpoint is enabled by default. To disable it in production, set the property 'springdoc.swagger-ui.enabled=false'
2026-09-19 18:17:57 INFO  [SpringApplicationShutdownHook] o.s.boot.tomcat.GracefulShutdown - Commencing graceful shutdown. Waiting for active requests to complete
2026-09-19 18:17:57 INFO  [tomcat-shutdown] o.s.boot.tomcat.GracefulShutdown - Graceful shutdown complete
2026-09-19 18:17:57 INFO  [SpringApplicationShutdownHook] o.s.o.j.LocalContainerEntityManagerFactoryBean - Closing JPA EntityManagerFactory for persistence unit 'default'
2026-09-19 18:17:57 INFO  [SpringApplicationShutdownHook] com.zaxxer.hikari.HikariDataSource - HikariPool-1 - Shutdown initiated...
2026-09-19 18:17:57 INFO  [SpringApplicationShutdownHook] com.zaxxer.hikari.HikariDataSource - HikariPool-1 - Shutdown completed.
2026-09-19 18:17:59 INFO  [restartedMain] c.I.M.MmrServiceApplication - Starting MmrServiceApplication using Java 21.0.11 with PID 22948 (C:\Users\vamsh\Desktop\MasterClass\Microservices\MMR-Service\target\classes started by vamsh in C:\Users\vamsh\Desktop\MasterClass\Microservices)
2026-09-19 18:17:59 DEBUG [restartedMain] c.I.M.MmrServiceApplication - Running with Spring Boot v4.0.8, Spring v7.0.9
2026-09-19 18:17:59 INFO  [restartedMain] c.I.M.MmrServiceApplication - No active profile set, falling back to 1 default profile: "default"
2026-09-19 18:17:59 INFO  [restartedMain] o.s.b.d.e.DevToolsPropertyDefaultsPostProcessor - Devtools property defaults active! Set 'spring.devtools.add-properties' to 'false' to disable
2026-09-19 18:17:59 INFO  [restartedMain] o.s.b.d.e.DevToolsPropertyDefaultsPostProcessor - For additional web related logging consider setting the 'logging.level.web' property to 'DEBUG'
2026-09-19 18:18:00 INFO  [restartedMain] o.s.d.r.c.RepositoryConfigurationDelegate - Bootstrapping Spring Data JPA repositories in DEFAULT mode.
2026-09-19 18:18:01 INFO  [restartedMain] o.s.d.r.c.RepositoryConfigurationDelegate - Finished Spring Data repository scanning in 99 ms. Found 1 JPA repository interface.
2026-09-19 18:18:01 INFO  [restartedMain] o.s.boot.tomcat.TomcatWebServer - Tomcat initialized with port 8081 (http)
2026-09-19 18:18:01 INFO  [restartedMain] o.a.catalina.core.StandardService - Starting service [Tomcat]
2026-09-19 18:18:01 INFO  [restartedMain] o.a.catalina.core.StandardEngine - Starting Servlet engine: [Apache Tomcat/11.0.24]
2026-09-19 18:18:01 INFO  [restartedMain] o.s.b.w.c.s.WebApplicationContextInitializer - Root WebApplicationContext: initialization completed in 2036 ms
2026-09-19 18:18:02 INFO  [restartedMain] org.hibernate.orm.jpa - HHH008540: Processing PersistenceUnitInfo [name: default]
2026-09-19 18:18:02 INFO  [restartedMain] org.hibernate.orm.core - HHH000001: Hibernate ORM core version 7.2.24.Final
2026-09-19 18:18:03 INFO  [restartedMain] o.s.o.j.p.SpringPersistenceUnitInfo - No LoadTimeWeaver setup: ignoring JPA class transformer
2026-09-19 18:18:03 INFO  [restartedMain] com.zaxxer.hikari.HikariDataSource - HikariPool-1 - Starting...
2026-09-19 18:18:03 INFO  [restartedMain] com.zaxxer.hikari.pool.HikariPool - HikariPool-1 - Added connection com.mysql.cj.jdbc.ConnectionImpl@2fe07de7
2026-09-19 18:18:03 INFO  [restartedMain] com.zaxxer.hikari.HikariDataSource - HikariPool-1 - Start completed.
2026-09-19 18:18:03 INFO  [restartedMain] o.hibernate.orm.connections.pooling - HHH10001005: Database info:
	Database JDBC URL [jdbc:mysql://localhost:3306/mmt_db]
	Database driver: MySQL Connector/J
	Database dialect: MySQLDialect
	Database version: 8.0.46
	Default catalog/schema: mmt_db/undefined
	Autocommit mode: undefined/unknown
	Isolation level: REPEATABLE_READ [default REPEATABLE_READ]
	JDBC fetch size: none
	Pool: DataSourceConnectionProvider
	Minimum pool size: undefined/unknown
	Maximum pool size: undefined/unknown
2026-09-19 18:18:04 INFO  [restartedMain] org.hibernate.orm.core - HHH000489: No JTA platform available (set 'hibernate.transaction.jta.platform' to enable JTA platform integration)
2026-09-19 18:18:04 INFO  [restartedMain] o.s.o.j.LocalContainerEntityManagerFactoryBean - Initialized JPA EntityManagerFactory for persistence unit 'default'
2026-09-19 18:18:05 INFO  [restartedMain] o.s.d.j.r.q.QueryEnhancerFactories - Hibernate is in classpath; If applicable, HQL parser will be used.
2026-09-19 18:18:05 WARN  [restartedMain] o.s.b.j.a.JpaBaseConfiguration$JpaWebConfiguration - spring.jpa.open-in-view is enabled by default. Therefore, database queries may be performed during view rendering. Explicitly configure spring.jpa.open-in-view to disable this warning
2026-09-19 18:18:05 INFO  [restartedMain] o.s.boot.tomcat.TomcatWebServer - Tomcat started on port 8081 (http) with context path '/'
2026-09-19 18:18:05 INFO  [restartedMain] c.I.M.MmrServiceApplication - Started MmrServiceApplication in 6.431 seconds (process running for 7.207)
2026-09-19 18:18:05 WARN  [restartedMain] o.s.c.events.SpringDocAppInitializer - SpringDoc /v3/api-docs endpoint is enabled by default. To disable it in production, set the property 'springdoc.api-docs.enabled=false'
2026-09-19 18:18:05 WARN  [restartedMain] o.s.c.events.SpringDocAppInitializer - SpringDoc /swagger-ui.html endpoint is enabled by default. To disable it in production, set the property 'springdoc.swagger-ui.enabled=false'
2026-09-19 18:20:11 INFO  [SpringApplicationShutdownHook] o.s.boot.tomcat.GracefulShutdown - Commencing graceful shutdown. Waiting for active requests to complete
2026-09-19 18:20:11 INFO  [tomcat-shutdown] o.s.boot.tomcat.GracefulShutdown - Graceful shutdown complete
2026-09-19 18:20:11 INFO  [SpringApplicationShutdownHook] o.s.o.j.LocalContainerEntityManagerFactoryBean - Closing JPA EntityManagerFactory for persistence unit 'default'
2026-09-19 18:20:11 INFO  [SpringApplicationShutdownHook] com.zaxxer.hikari.HikariDataSource - HikariPool-1 - Shutdown initiated...
2026-09-19 18:20:11 INFO  [SpringApplicationShutdownHook] com.zaxxer.hikari.HikariDataSource - HikariPool-1 - Shutdown completed.
2026-09-19 18:20:13 INFO  [restartedMain] c.I.M.MmrServiceApplication - Starting MmrServiceApplication using Java 21.0.11 with PID 24748 (C:\Users\vamsh\Desktop\MasterClass\Microservices\MMR-Service\target\classes started by vamsh in C:\Users\vamsh\Desktop\MasterClass\Microservices)
2026-09-19 18:20:13 DEBUG [restartedMain] c.I.M.MmrServiceApplication - Running with Spring Boot v4.0.8, Spring v7.0.9
2026-09-19 18:20:13 INFO  [restartedMain] c.I.M.MmrServiceApplication - No active profile set, falling back to 1 default profile: "default"
2026-09-19 18:20:13 INFO  [restartedMain] o.s.b.d.e.DevToolsPropertyDefaultsPostProcessor - Devtools property defaults active! Set 'spring.devtools.add-properties' to 'false' to disable
2026-09-19 18:20:13 INFO  [restartedMain] o.s.b.d.e.DevToolsPropertyDefaultsPostProcessor - For additional web related logging consider setting the 'logging.level.web' property to 'DEBUG'
2026-09-19 18:20:14 INFO  [restartedMain] o.s.d.r.c.RepositoryConfigurationDelegate - Bootstrapping Spring Data JPA repositories in DEFAULT mode.
2026-09-19 18:20:14 INFO  [restartedMain] o.s.d.r.c.RepositoryConfigurationDelegate - Finished Spring Data repository scanning in 31 ms. Found 1 JPA repository interface.
2026-09-19 18:20:15 INFO  [restartedMain] o.s.boot.tomcat.TomcatWebServer - Tomcat initialized with port 8081 (http)
2026-09-19 18:20:15 INFO  [restartedMain] o.a.catalina.core.StandardService - Starting service [Tomcat]
2026-09-19 18:20:15 INFO  [restartedMain] o.a.catalina.core.StandardEngine - Starting Servlet engine: [Apache Tomcat/11.0.24]
2026-09-19 18:20:15 INFO  [restartedMain] o.s.b.w.c.s.WebApplicationContextInitializer - Root WebApplicationContext: initialization completed in 1734 ms
2026-09-19 18:20:15 INFO  [restartedMain] org.hibernate.orm.jpa - HHH008540: Processing PersistenceUnitInfo [name: default]
2026-09-19 18:20:15 INFO  [restartedMain] org.hibernate.orm.core - HHH000001: Hibernate ORM core version 7.2.24.Final
2026-09-19 18:20:16 INFO  [restartedMain] o.s.o.j.p.SpringPersistenceUnitInfo - No LoadTimeWeaver setup: ignoring JPA class transformer
2026-09-19 18:20:16 INFO  [restartedMain] com.zaxxer.hikari.HikariDataSource - HikariPool-1 - Starting...
2026-09-19 18:20:16 INFO  [restartedMain] com.zaxxer.hikari.pool.HikariPool - HikariPool-1 - Added connection com.mysql.cj.jdbc.ConnectionImpl@23012922
2026-09-19 18:20:16 INFO  [restartedMain] com.zaxxer.hikari.HikariDataSource - HikariPool-1 - Start completed.
2026-09-19 18:20:17 INFO  [restartedMain] o.hibernate.orm.connections.pooling - HHH10001005: Database info:
	Database JDBC URL [jdbc:mysql://localhost:3306/mmt_db]
	Database driver: MySQL Connector/J
	Database dialect: MySQLDialect
	Database version: 8.0.46
	Default catalog/schema: mmt_db/undefined
	Autocommit mode: undefined/unknown
	Isolation level: REPEATABLE_READ [default REPEATABLE_READ]
	JDBC fetch size: none
	Pool: DataSourceConnectionProvider
	Minimum pool size: undefined/unknown
	Maximum pool size: undefined/unknown
2026-09-19 18:20:18 INFO  [restartedMain] org.hibernate.orm.core - HHH000489: No JTA platform available (set 'hibernate.transaction.jta.platform' to enable JTA platform integration)
2026-09-19 18:20:18 INFO  [restartedMain] o.s.o.j.LocalContainerEntityManagerFactoryBean - Initialized JPA EntityManagerFactory for persistence unit 'default'
2026-09-19 18:20:18 INFO  [restartedMain] o.s.d.j.r.q.QueryEnhancerFactories - Hibernate is in classpath; If applicable, HQL parser will be used.
2026-09-19 18:20:18 WARN  [restartedMain] o.s.b.j.a.JpaBaseConfiguration$JpaWebConfiguration - spring.jpa.open-in-view is enabled by default. Therefore, database queries may be performed during view rendering. Explicitly configure spring.jpa.open-in-view to disable this warning
2026-09-19 18:20:19 INFO  [restartedMain] o.s.boot.tomcat.TomcatWebServer - Tomcat started on port 8081 (http) with context path '/'
2026-09-19 18:20:19 INFO  [restartedMain] c.I.M.MmrServiceApplication - Started MmrServiceApplication in 6.225 seconds (process running for 6.961)
2026-09-19 18:20:19 WARN  [restartedMain] o.s.c.events.SpringDocAppInitializer - SpringDoc /v3/api-docs endpoint is enabled by default. To disable it in production, set the property 'springdoc.api-docs.enabled=false'
2026-09-19 18:20:19 WARN  [restartedMain] o.s.c.events.SpringDocAppInitializer - SpringDoc /swagger-ui.html endpoint is enabled by default. To disable it in production, set the property 'springdoc.swagger-ui.enabled=false'
2026-09-19 18:20:27 INFO  [http-nio-8081-exec-1] o.a.c.c.C.[Tomcat].[localhost].[/] - Initializing Spring DispatcherServlet 'dispatcherServlet'
2026-09-19 18:20:27 INFO  [http-nio-8081-exec-1] o.s.web.servlet.DispatcherServlet - Initializing Servlet 'dispatcherServlet'
2026-09-19 18:20:27 INFO  [http-nio-8081-exec-1] o.s.web.servlet.DispatcherServlet - Completed initialization in 3 ms
2026-09-19 18:20:27 DEBUG [http-nio-8081-exec-1] c.I.M.ServiceImpl.BookingServiceImpl - createBooking with request com.Irctc.MMR_Service.Dto.BookingRequestDto@6cfe3559
2026-09-19 18:20:27 INFO  [http-nio-8081-exec-1] c.I.M.ServiceImpl.BookingServiceImpl - Booking: com.Irctc.MMR_Service.Dto.BookingRequestDto@6cfe3559
2026-09-19 18:20:27 DEBUG [http-nio-8081-exec-1] org.hibernate.SQL - insert into bookings (amount,destination,passenger_name,seats,source,status,train_id,train_name) values (?,?,?,?,?,?,?,?)
2026-09-19 18:20:27 INFO  [http-nio-8081-exec-1] c.I.M.ServiceImpl.BookingServiceImpl - Booking last line
2026-09-19 18:20:39 DEBUG [http-nio-8081-exec-4] c.I.M.ServiceImpl.BookingServiceImpl - createBooking with request com.Irctc.MMR_Service.Dto.BookingRequestDto@2b0a753b
2026-09-19 18:20:39 INFO  [http-nio-8081-exec-4] c.I.M.ServiceImpl.BookingServiceImpl - Booking: com.Irctc.MMR_Service.Dto.BookingRequestDto@2b0a753b
2026-09-19 18:20:39 DEBUG [http-nio-8081-exec-4] org.hibernate.SQL - insert into bookings (amount,destination,passenger_name,seats,source,status,train_id,train_name) values (?,?,?,?,?,?,?,?)
2026-09-19 18:20:39 ERROR [http-nio-8081-exec-4] o.a.c.c.C.[.[.[.[dispatcherServlet] - Servlet.service() for servlet [dispatcherServlet] in context with path [] threw exception [Request processing failed: org.springframework.web.client.HttpClientErrorException$BadRequest: 400  on POST request for "http://localhost:8082/payments": "{"timestamp":"2026-09-19T12:50:39.438Z","status":400,"error":"Bad Request","trace":"org.springframework.http.converter.HttpMessageNotReadableException: JSON parse error: Cannot deserialize value of type `com.Irctc.Payments.PaymentType` from String \"UPI\": not one of the values accepted for Enum class: [CreditCard, DebitCard, Upi]\r\n\tat org.springframework.http.converter.AbstractJacksonHttpMessageConverter.readJavaType(AbstractJacksonHttpMessageConverter.java:363)\r\n\tat org.springframework.http.converter.AbstractJacksonHttpMessageConverter.read(AbstractJacksonHttpMessageConverter.java:319)\r\n\tat org.springframework.web.servlet.mvc.method.annotation.AbstractMessageConverterMethodArgumentResolver.readWithMessageConverters(AbstractMessageConverterMethodArgumentResolver.java:203)\r\n\tat org.springframework.web.servlet.mvc.method.annotation.RequestResponseBodyMethodProcessor.readWithMessageConverters(RequestResponseBodyMethodProcessor.java:181)\r\n\tat org.springframework.web.servlet.mvc.method.annotation.RequestResponseBodyMethodProcessor.resolveArgument(RequestResponseBodyMethodProcessor.java:156)\r\n\tat org.springframework.web.method.support.HandlerMethodArgumentResolverComposite.resolveArgument(HandlerMethodArgumentResolverComposite.java:122)\r\n\tat org.springframework.web.method.support.InvocableHandlerMethod.getMethodArgumentValues(InvocableHandlerMethod.java:224)\r\n\tat org.springframework.web.method.support.InvocableHandlerMethod.invokeForRequest(InvocableHandlerMethod.java:174)\r\n\tat org.springframework.web.servlet.mvc.method.annotation.ServletInvocableHandlerMethod.invokeAndHandle(ServletInvocableHandlerMethod.java:117)\r\n\tat org.springframework.web.servlet.mvc.method.annotation.RequestMappingHandlerAdapter.invokeHandlerMethod(RequestMappingHandlerAdapter.java:934)\r\n\tat org.springframework.web.servlet.mvc.method.annotation.RequestMappingHandlerAdapter.handleInternal(RequestMappingHandlerAdapter.java:853)\r\n\tat org.springframework.web.servlet.mvc.method.AbstractHandlerMethodAdapter.handle(AbstractHandlerMethodAdapter.java:86)\r\n\tat org.springframework.web.servlet.DispatcherServlet.doDispatch(DispatcherServlet.java:963)\r\n\tat org.springframework.web.servlet.DispatcherServlet.doService(DispatcherServlet.java:866)\r\n\tat org.springframework.web.servlet.FrameworkServlet.processRequest(FrameworkServlet.java:1000)\r\n\tat org.springframework.web.servlet.FrameworkServlet.doPost(FrameworkServlet.java:903)\r\n\tat jakarta.servlet.http.HttpServlet.service(HttpServlet.java:649)\r\n\tat org.springframework.web.servlet.FrameworkServlet.service(FrameworkServlet.java:874)\r\n\tat jakarta.servlet.http.HttpServlet.service(HttpServlet.java:710)\r\n\tat org.apache.catalina.core.ApplicationFilterChain.doFilter(ApplicationFilterChain.java:132)\r\n\tat org.apache.tomcat.websocket.server.WsFilter.doFilter(WsFilter.java:59)\r\n\tat org.apache.catalina.core.ApplicationFilterChain.doFilter(ApplicationFilterChain.java:111)\r\n\tat org.springframework.web.filter.RequestContextFilter.doFilterInternal(RequestContextFilter.java:100)\r\n\tat org.springframework.web.filter.OncePerRequestFilter.doFilter(OncePerRequestFilter.java:116)\r\n\tat org.apache.catalina.core.ApplicationFilterChain.doFilter(ApplicationFilterChain.java:111)\r\n\tat org.springframework.web.filter.FormContentFilter.doFilterInternal(FormContentFilter.java:93)\r\n\tat org.springframework.web.filter.OncePerRequestFilter.doFilter(OncePerRequestFilter.java:116)\r\n\tat org.apache.catalina.core.ApplicationFilterChain.doFilter(ApplicationFilterChain.java:111)\r\n\tat org.springframework.web.filter.CharacterEncodingFilter.doFilterInternal(CharacterEncodingFilter.java:199)\r\n\tat org.springframework.web.filter.OncePerRequestFilter.doFilter(OncePerRequestFilter.java:116)\r\n\tat org.apache.catalina.core.ApplicationFilterChain.doFilter(ApplicationFilterChain.java:111)\r\n\tat org.apache.catalina.core.StandardWrapperValve.invoke(StandardWrapperValve.java:165)\r\n\tat org.apache.catalina.core.StandardContextValve.invoke(StandardContextValve.java:77)\r\n\tat org.apache.catalina.authenticator.AuthenticatorBase.invoke(AuthenticatorBase.java:535)\r\n\tat org.apache.catalina.core.StandardHostValve.invoke(StandardHostValve.java:115)\r\n\tat org.apache.catalina.valves.ErrorReportValve.invoke(ErrorReportValve.java:86)\r\n\tat org.apache.catalina.core.StandardEngineValve.invoke(StandardEngineValve.java:71)\r\n\tat org.apache.catalina.connector.CoyoteAdapter.service(CoyoteAdapter.java:347)\r\n\tat org.apache.coyote.http11.Http11Processor.service(Http11Processor.java:406)\r\n\tat org.apache.coyote.AbstractProcessorLight.process(AbstractProcessorLight.java:71)\r\n\tat org.apache.coyote.AbstractProtocol$ConnectionHandler.process(AbstractProtocol.java:1307)\r\n\tat org.apache.tomcat.util.net.NioEndpoint$SocketProcessor.doRun(NioEndpoint.java:2036)\r\n\tat org.apache.tomcat.util.net.SocketProcessorBase.run(SocketProcessorBase.java:74)\r\n\tat org.apache.tomcat.util.threads.ThreadPoolExecutor.runWorker(ThreadPoolExecutor.java:949)\r\n\tat org.apache.tomcat.util.threads.ThreadPoolExecutor$Worker.run(ThreadPoolExecutor.java:483)\r\n\tat org.apache.tomcat.util.threads.TaskThread$WrappingRunnable.run(TaskThread.java:74)\r\n\tat java.base/java.lang.Thread.run(Thread.java:1583)\r\nCaused by: tools.jackson.databind.exc.InvalidFormatException: Cannot deserialize value of type `com.Irctc.Payments.PaymentType` from String \"UPI\": not one of the values accepted for Enum class: [CreditCard, DebitCard, Upi]\n at [Source: REDACTED (`StreamReadFeature.INCLUDE_SOURCE_IN_LOCATION` disabled); byte offset: #48] (through reference chain: com.Irctc.Payments.Dto.PaymentRequestDto[\"paymentMethod\"])\r\n\tat tools.jackson.databind.exc.InvalidFormatException.from(InvalidFormatException.java:37)\r\n\tat tools.jackson.databind.DeserializationContext.weirdStringException(DeserializationContext.java:2063)\r\n\tat tools.jackson.databind.DeserializationContext.handleWeirdStringValue(DeserializationContext.java:1354)\r\n\tat tools.jackson.databind.deser.jdk.EnumDeserializer._deserializeAltString(EnumDeserializer.java:371)\r\n\tat tools.jackson.databind.deser.jdk.EnumDeserializer._fromString(EnumDeserializer.java:230)\r\n\tat tools.jackson.databind.deser.jdk.EnumDeserializer.deserialize(EnumDeserializer.java:195)\r\n\tat tools.jackson.databind.deser.impl.MethodProperty.deserializeAndSet(MethodProperty.java:120)\r\n\tat tools.jackson.databind.deser.bean.BeanDeserializer.deserializeFromObject(BeanDeserializer.java:659)\r\n\tat tools.jackson.databind.deser.bean.BeanDeserializer.deserialize(BeanDeserializer.java:200)\r\n\tat tools.jackson.databind.deser.DeserializationContextExt.readRootValue(DeserializationContextExt.java:266)\r\n\tat tools.jackson.databind.ObjectReader._bindAndClose(ObjectReader.java:1888)\r\n\tat tools.jackson.databind.ObjectReader.readValue(ObjectReader.java:1270)\r\n\tat org.springframework.http.converter.AbstractJacksonHttpMessageConverter.readJavaType(AbstractJacksonHttpMessageConverter.java:352)\r\n\t... 46 more\r\n","message":"JSON parse error: Cannot deserialize value of type `com.Irctc.Payments.PaymentType` from String \"UPI\": not one of the values accepted for Enum class: [CreditCard, DebitCard, Upi]","path":"/payments"}"] with root cause
org.springframework.web.client.HttpClientErrorException$BadRequest: 400  on POST request for "http://localhost:8082/payments": "{"timestamp":"2026-09-19T12:50:39.438Z","status":400,"error":"Bad Request","trace":"org.springframework.http.converter.HttpMessageNotReadableException: JSON parse error: Cannot deserialize value of type `com.Irctc.Payments.PaymentType` from String \"UPI\": not one of the values accepted for Enum class: [CreditCard, DebitCard, Upi]\r\n\tat org.springframework.http.converter.AbstractJacksonHttpMessageConverter.readJavaType(AbstractJacksonHttpMessageConverter.java:363)\r\n\tat org.springframework.http.converter.AbstractJacksonHttpMessageConverter.read(AbstractJacksonHttpMessageConverter.java:319)\r\n\tat org.springframework.web.servlet.mvc.method.annotation.AbstractMessageConverterMethodArgumentResolver.readWithMessageConverters(AbstractMessageConverterMethodArgumentResolver.java:203)\r\n\tat org.springframework.web.servlet.mvc.method.annotation.RequestResponseBodyMethodProcessor.readWithMessageConverters(RequestResponseBodyMethodProcessor.java:181)\r\n\tat org.springframework.web.servlet.mvc.method.annotation.RequestResponseBodyMethodProcessor.resolveArgument(RequestResponseBodyMethodProcessor.java:156)\r\n\tat org.springframework.web.method.support.HandlerMethodArgumentResolverComposite.resolveArgument(HandlerMethodArgumentResolverComposite.java:122)\r\n\tat org.springframework.web.method.support.InvocableHandlerMethod.getMethodArgumentValues(InvocableHandlerMethod.java:224)\r\n\tat org.springframework.web.method.support.InvocableHandlerMethod.invokeForRequest(InvocableHandlerMethod.java:174)\r\n\tat org.springframework.web.servlet.mvc.method.annotation.ServletInvocableHandlerMethod.invokeAndHandle(ServletInvocableHandlerMethod.java:117)\r\n\tat org.springframework.web.servlet.mvc.method.annotation.RequestMappingHandlerAdapter.invokeHandlerMethod(RequestMappingHandlerAdapter.java:934)\r\n\tat org.springframework.web.servlet.mvc.method.annotation.RequestMappingHandlerAdapter.handleInternal(RequestMappingHandlerAdapter.java:853)\r\n\tat org.springframework.web.servlet.mvc.method.AbstractHandlerMethodAdapter.handle(AbstractHandlerMethodAdapter.java:86)\r\n\tat org.springframework.web.servlet.DispatcherServlet.doDispatch(DispatcherServlet.java:963)\r\n\tat org.springframework.web.servlet.DispatcherServlet.doService(DispatcherServlet.java:866)\r\n\tat org.springframework.web.servlet.FrameworkServlet.processRequest(FrameworkServlet.java:1000)\r\n\tat org.springframework.web.servlet.FrameworkServlet.doPost(FrameworkServlet.java:903)\r\n\tat jakarta.servlet.http.HttpServlet.service(HttpServlet.java:649)\r\n\tat org.springframework.web.servlet.FrameworkServlet.service(FrameworkServlet.java:874)\r\n\tat jakarta.servlet.http.HttpServlet.service(HttpServlet.java:710)\r\n\tat org.apache.catalina.core.ApplicationFilterChain.doFilter(ApplicationFilterChain.java:132)\r\n\tat org.apache.tomcat.websocket.server.WsFilter.doFilter(WsFilter.java:59)\r\n\tat org.apache.catalina.core.ApplicationFilterChain.doFilter(ApplicationFilterChain.java:111)\r\n\tat org.springframework.web.filter.RequestContextFilter.doFilterInternal(RequestContextFilter.java:100)\r\n\tat org.springframework.web.filter.OncePerRequestFilter.doFilter(OncePerRequestFilter.java:116)\r\n\tat org.apache.catalina.core.ApplicationFilterChain.doFilter(ApplicationFilterChain.java:111)\r\n\tat org.springframework.web.filter.FormContentFilter.doFilterInternal(FormContentFilter.java:93)\r\n\tat org.springframework.web.filter.OncePerRequestFilter.doFilter(OncePerRequestFilter.java:116)\r\n\tat org.apache.catalina.core.ApplicationFilterChain.doFilter(ApplicationFilterChain.java:111)\r\n\tat org.springframework.web.filter.CharacterEncodingFilter.doFilterInternal(CharacterEncodingFilter.java:199)\r\n\tat org.springframework.web.filter.OncePerRequestFilter.doFilter(OncePerRequestFilter.java:116)\r\n\tat org.apache.catalina.core.ApplicationFilterChain.doFilter(ApplicationFilterChain.java:111)\r\n\tat org.apache.catalina.core.StandardWrapperValve.invoke(StandardWrapperValve.java:165)\r\n\tat org.apache.catalina.core.StandardContextValve.invoke(StandardContextValve.java:77)\r\n\tat org.apache.catalina.authenticator.AuthenticatorBase.invoke(AuthenticatorBase.java:535)\r\n\tat org.apache.catalina.core.StandardHostValve.invoke(StandardHostValve.java:115)\r\n\tat org.apache.catalina.valves.ErrorReportValve.invoke(ErrorReportValve.java:86)\r\n\tat org.apache.catalina.core.StandardEngineValve.invoke(StandardEngineValve.java:71)\r\n\tat org.apache.catalina.connector.CoyoteAdapter.service(CoyoteAdapter.java:347)\r\n\tat org.apache.coyote.http11.Http11Processor.service(Http11Processor.java:406)\r\n\tat org.apache.coyote.AbstractProcessorLight.process(AbstractProcessorLight.java:71)\r\n\tat org.apache.coyote.AbstractProtocol$ConnectionHandler.process(AbstractProtocol.java:1307)\r\n\tat org.apache.tomcat.util.net.NioEndpoint$SocketProcessor.doRun(NioEndpoint.java:2036)\r\n\tat org.apache.tomcat.util.net.SocketProcessorBase.run(SocketProcessorBase.java:74)\r\n\tat org.apache.tomcat.util.threads.ThreadPoolExecutor.runWorker(ThreadPoolExecutor.java:949)\r\n\tat org.apache.tomcat.util.threads.ThreadPoolExecutor$Worker.run(ThreadPoolExecutor.java:483)\r\n\tat org.apache.tomcat.util.threads.TaskThread$WrappingRunnable.run(TaskThread.java:74)\r\n\tat java.base/java.lang.Thread.run(Thread.java:1583)\r\nCaused by: tools.jackson.databind.exc.InvalidFormatException: Cannot deserialize value of type `com.Irctc.Payments.PaymentType` from String \"UPI\": not one of the values accepted for Enum class: [CreditCard, DebitCard, Upi]\n at [Source: REDACTED (`StreamReadFeature.INCLUDE_SOURCE_IN_LOCATION` disabled); byte offset: #48] (through reference chain: com.Irctc.Payments.Dto.PaymentRequestDto[\"paymentMethod\"])\r\n\tat tools.jackson.databind.exc.InvalidFormatException.from(InvalidFormatException.java:37)\r\n\tat tools.jackson.databind.DeserializationContext.weirdStringException(DeserializationContext.java:2063)\r\n\tat tools.jackson.databind.DeserializationContext.handleWeirdStringValue(DeserializationContext.java:1354)\r\n\tat tools.jackson.databind.deser.jdk.EnumDeserializer._deserializeAltString(EnumDeserializer.java:371)\r\n\tat tools.jackson.databind.deser.jdk.EnumDeserializer._fromString(EnumDeserializer.java:230)\r\n\tat tools.jackson.databind.deser.jdk.EnumDeserializer.deserialize(EnumDeserializer.java:195)\r\n\tat tools.jackson.databind.deser.impl.MethodProperty.deserializeAndSet(MethodProperty.java:120)\r\n\tat tools.jackson.databind.deser.bean.BeanDeserializer.deserializeFromObject(BeanDeserializer.java:659)\r\n\tat tools.jackson.databind.deser.bean.BeanDeserializer.deserialize(BeanDeserializer.java:200)\r\n\tat tools.jackson.databind.deser.DeserializationContextExt.readRootValue(DeserializationContextExt.java:266)\r\n\tat tools.jackson.databind.ObjectReader._bindAndClose(ObjectReader.java:1888)\r\n\tat tools.jackson.databind.ObjectReader.readValue(ObjectReader.java:1270)\r\n\tat org.springframework.http.converter.AbstractJacksonHttpMessageConverter.readJavaType(AbstractJacksonHttpMessageConverter.java:352)\r\n\t... 46 more\r\n","message":"JSON parse error: Cannot deserialize value of type `com.Irctc.Payments.PaymentType` from String \"UPI\": not one of the values accepted for Enum class: [CreditCard, DebitCard, Upi]","path":"/payments"}"
	at org.springframework.web.client.HttpClientErrorException.create(HttpClientErrorException.java:106)
	at org.springframework.web.client.DefaultResponseErrorHandler.handleError(DefaultResponseErrorHandler.java:144)
	at org.springframework.web.client.DefaultResponseErrorHandler.handleError(DefaultResponseErrorHandler.java:119)
	at org.springframework.web.client.RestTemplate.handleResponse(RestTemplate.java:807)
	at org.springframework.web.client.RestTemplate.doExecute(RestTemplate.java:756)
	at org.springframework.web.client.RestTemplate.execute(RestTemplate.java:677)
	at org.springframework.web.client.RestTemplate.postForObject(RestTemplate.java:401)
	at com.Irctc.MMR_Service.Client.PaymentClient.createPayment(PaymentClient.java:23)
	at com.Irctc.MMR_Service.ServiceImpl.BookingServiceImpl.createBooking(BookingServiceImpl.java:99)
	at java.base/jdk.internal.reflect.DirectMethodHandleAccessor.invoke(DirectMethodHandleAccessor.java:103)
	at java.base/java.lang.reflect.Method.invoke(Method.java:580)
	at org.springframework.aop.support.AopUtils.invokeJoinpointUsingReflection(AopUtils.java:359)
	at org.springframework.aop.framework.ReflectiveMethodInvocation.invokeJoinpoint(ReflectiveMethodInvocation.java:190)
	at org.springframework.aop.framework.ReflectiveMethodInvocation.proceed(ReflectiveMethodInvocation.java:158)
	at org.springframework.transaction.interceptor.TransactionInterceptor$1.proceedWithInvocation(TransactionInterceptor.java:133)
	at org.springframework.transaction.interceptor.TransactionAspectSupport.invokeWithinTransaction(TransactionAspectSupport.java:371)
	at org.springframework.transaction.interceptor.TransactionInterceptor.invoke(TransactionInterceptor.java:130)
	at org.springframework.aop.framework.ReflectiveMethodInvocation.proceed(ReflectiveMethodInvocation.java:179)
	at org.springframework.aop.framework.CglibAopProxy$DynamicAdvisedInterceptor.intercept(CglibAopProxy.java:719)
	at com.Irctc.MMR_Service.ServiceImpl.BookingServiceImpl$$SpringCGLIB$$0.createBooking(<generated>)
	at com.Irctc.MMR_Service.Controller.BookingController.createBooking(BookingController.java:29)
	at java.base/jdk.internal.reflect.DirectMethodHandleAccessor.invoke(DirectMethodHandleAccessor.java:103)
	at java.base/java.lang.reflect.Method.invoke(Method.java:580)
	at org.springframework.web.method.support.InvocableHandlerMethod.doInvoke(InvocableHandlerMethod.java:252)
	at org.springframework.web.method.support.InvocableHandlerMethod.invokeForRequest(InvocableHandlerMethod.java:184)
	at org.springframework.web.servlet.mvc.method.annotation.ServletInvocableHandlerMethod.invokeAndHandle(ServletInvocableHandlerMethod.java:117)
	at org.springframework.web.servlet.mvc.method.annotation.RequestMappingHandlerAdapter.invokeHandlerMethod(RequestMappingHandlerAdapter.java:934)
	at org.springframework.web.servlet.mvc.method.annotation.RequestMappingHandlerAdapter.handleInternal(RequestMappingHandlerAdapter.java:853)
	at org.springframework.web.servlet.mvc.method.AbstractHandlerMethodAdapter.handle(AbstractHandlerMethodAdapter.java:86)
	at org.springframework.web.servlet.DispatcherServlet.doDispatch(DispatcherServlet.java:963)
	at org.springframework.web.servlet.DispatcherServlet.doService(DispatcherServlet.java:866)
	at org.springframework.web.servlet.FrameworkServlet.processRequest(FrameworkServlet.java:1000)
	at org.springframework.web.servlet.FrameworkServlet.doPost(FrameworkServlet.java:903)
	at jakarta.servlet.http.HttpServlet.service(HttpServlet.java:649)
	at org.springframework.web.servlet.FrameworkServlet.service(FrameworkServlet.java:874)
	at jakarta.servlet.http.HttpServlet.service(HttpServlet.java:710)
	at org.apache.catalina.core.ApplicationFilterChain.doFilter(ApplicationFilterChain.java:132)
	at org.apache.tomcat.websocket.server.WsFilter.doFilter(WsFilter.java:59)
	at org.apache.catalina.core.ApplicationFilterChain.doFilter(ApplicationFilterChain.java:111)
	at org.springframework.web.filter.RequestContextFilter.doFilterInternal(RequestContextFilter.java:100)
	at org.springframework.web.filter.OncePerRequestFilter.doFilter(OncePerRequestFilter.java:116)
	at org.apache.catalina.core.ApplicationFilterChain.doFilter(ApplicationFilterChain.java:111)
	at org.springframework.web.filter.FormContentFilter.doFilterInternal(FormContentFilter.java:93)
	at org.springframework.web.filter.OncePerRequestFilter.doFilter(OncePerRequestFilter.java:116)
	at org.apache.catalina.core.ApplicationFilterChain.doFilter(ApplicationFilterChain.java:111)
	at org.springframework.web.filter.CharacterEncodingFilter.doFilterInternal(CharacterEncodingFilter.java:199)
	at org.springframework.web.filter.OncePerRequestFilter.doFilter(OncePerRequestFilter.java:116)
	at org.apache.catalina.core.ApplicationFilterChain.doFilter(ApplicationFilterChain.java:111)
	at org.apache.catalina.core.StandardWrapperValve.invoke(StandardWrapperValve.java:165)
	at org.apache.catalina.core.StandardContextValve.invoke(StandardContextValve.java:77)
	at org.apache.catalina.authenticator.AuthenticatorBase.invoke(AuthenticatorBase.java:535)
	at org.apache.catalina.core.StandardHostValve.invoke(StandardHostValve.java:115)
	at org.apache.catalina.valves.ErrorReportValve.invoke(ErrorReportValve.java:86)
	at org.apache.catalina.core.StandardEngineValve.invoke(StandardEngineValve.java:71)
	at org.apache.catalina.connector.CoyoteAdapter.service(CoyoteAdapter.java:347)
	at org.apache.coyote.http11.Http11Processor.service(Http11Processor.java:406)
	at org.apache.coyote.AbstractProcessorLight.process(AbstractProcessorLight.java:71)
	at org.apache.coyote.AbstractProtocol$ConnectionHandler.process(AbstractProtocol.java:1307)
	at org.apache.tomcat.util.net.NioEndpoint$SocketProcessor.doRun(NioEndpoint.java:2036)
	at org.apache.tomcat.util.net.SocketProcessorBase.run(SocketProcessorBase.java:74)
	at org.apache.tomcat.util.threads.ThreadPoolExecutor.runWorker(ThreadPoolExecutor.java:949)
	at org.apache.tomcat.util.threads.ThreadPoolExecutor$Worker.run(ThreadPoolExecutor.java:483)
	at org.apache.tomcat.util.threads.TaskThread$WrappingRunnable.run(TaskThread.java:74)
	at java.base/java.lang.Thread.run(Thread.java:1583)
2026-09-19 18:21:15 DEBUG [http-nio-8081-exec-3] c.I.M.ServiceImpl.BookingServiceImpl - createBooking with request com.Irctc.MMR_Service.Dto.BookingRequestDto@5780f842
2026-09-19 18:21:15 INFO  [http-nio-8081-exec-3] c.I.M.ServiceImpl.BookingServiceImpl - Booking: com.Irctc.MMR_Service.Dto.BookingRequestDto@5780f842
2026-09-19 18:21:15 DEBUG [http-nio-8081-exec-3] org.hibernate.SQL - insert into bookings (amount,destination,passenger_name,seats,source,status,train_id,train_name) values (?,?,?,?,?,?,?,?)
2026-09-19 18:21:15 INFO  [http-nio-8081-exec-3] c.I.M.ServiceImpl.BookingServiceImpl - Booking last line
2026-09-19 18:21:16 DEBUG [http-nio-8081-exec-2] c.I.M.ServiceImpl.BookingServiceImpl - createBooking with request com.Irctc.MMR_Service.Dto.BookingRequestDto@382bcb56
2026-09-19 18:21:16 INFO  [http-nio-8081-exec-2] c.I.M.ServiceImpl.BookingServiceImpl - Booking: com.Irctc.MMR_Service.Dto.BookingRequestDto@382bcb56
2026-09-19 18:21:16 DEBUG [http-nio-8081-exec-2] org.hibernate.SQL - insert into bookings (amount,destination,passenger_name,seats,source,status,train_id,train_name) values (?,?,?,?,?,?,?,?)
2026-09-19 18:21:16 INFO  [http-nio-8081-exec-2] c.I.M.ServiceImpl.BookingServiceImpl - Booking last line
2026-09-19 18:21:18 DEBUG [http-nio-8081-exec-5] c.I.M.ServiceImpl.BookingServiceImpl - createBooking with request com.Irctc.MMR_Service.Dto.BookingRequestDto@19fedeb3
2026-09-19 18:21:18 INFO  [http-nio-8081-exec-5] c.I.M.ServiceImpl.BookingServiceImpl - Booking: com.Irctc.MMR_Service.Dto.BookingRequestDto@19fedeb3
2026-09-19 18:21:18 DEBUG [http-nio-8081-exec-5] org.hibernate.SQL - insert into bookings (amount,destination,passenger_name,seats,source,status,train_id,train_name) values (?,?,?,?,?,?,?,?)
2026-09-19 18:21:18 INFO  [http-nio-8081-exec-5] c.I.M.ServiceImpl.BookingServiceImpl - Booking last line
2026-09-19 18:21:19 DEBUG [http-nio-8081-exec-6] c.I.M.ServiceImpl.BookingServiceImpl - createBooking with request com.Irctc.MMR_Service.Dto.BookingRequestDto@45b0086a
2026-09-19 18:21:19 INFO  [http-nio-8081-exec-6] c.I.M.ServiceImpl.BookingServiceImpl - Booking: com.Irctc.MMR_Service.Dto.BookingRequestDto@45b0086a
2026-09-19 18:21:19 DEBUG [http-nio-8081-exec-6] org.hibernate.SQL - insert into bookings (amount,destination,passenger_name,seats,source,status,train_id,train_name) values (?,?,?,?,?,?,?,?)
2026-09-19 18:21:19 INFO  [http-nio-8081-exec-6] c.I.M.ServiceImpl.BookingServiceImpl - Booking last line
2026-09-19 18:21:20 DEBUG [http-nio-8081-exec-7] c.I.M.ServiceImpl.BookingServiceImpl - createBooking with request com.Irctc.MMR_Service.Dto.BookingRequestDto@606a5234
2026-09-19 18:21:20 INFO  [http-nio-8081-exec-7] c.I.M.ServiceImpl.BookingServiceImpl - Booking: com.Irctc.MMR_Service.Dto.BookingRequestDto@606a5234
2026-09-19 18:21:20 DEBUG [http-nio-8081-exec-7] org.hibernate.SQL - insert into bookings (amount,destination,passenger_name,seats,source,status,train_id,train_name) values (?,?,?,?,?,?,?,?)
2026-09-19 18:21:20 INFO  [http-nio-8081-exec-7] c.I.M.ServiceImpl.BookingServiceImpl - Booking last line
2026-09-19 18:21:21 DEBUG [http-nio-8081-exec-8] c.I.M.ServiceImpl.BookingServiceImpl - createBooking with request com.Irctc.MMR_Service.Dto.BookingRequestDto@34145389
2026-09-19 18:21:21 INFO  [http-nio-8081-exec-8] c.I.M.ServiceImpl.BookingServiceImpl - Booking: com.Irctc.MMR_Service.Dto.BookingRequestDto@34145389
2026-09-19 18:21:21 DEBUG [http-nio-8081-exec-8] org.hibernate.SQL - insert into bookings (amount,destination,passenger_name,seats,source,status,train_id,train_name) values (?,?,?,?,?,?,?,?)
2026-09-19 18:21:21 INFO  [http-nio-8081-exec-8] c.I.M.ServiceImpl.BookingServiceImpl - Booking last line
2026-09-19 18:21:22 DEBUG [http-nio-8081-exec-9] c.I.M.ServiceImpl.BookingServiceImpl - createBooking with request com.Irctc.MMR_Service.Dto.BookingRequestDto@4626a906
2026-09-19 18:21:22 INFO  [http-nio-8081-exec-9] c.I.M.ServiceImpl.BookingServiceImpl - Booking: com.Irctc.MMR_Service.Dto.BookingRequestDto@4626a906
2026-09-19 18:21:22 DEBUG [http-nio-8081-exec-9] org.hibernate.SQL - insert into bookings (amount,destination,passenger_name,seats,source,status,train_id,train_name) values (?,?,?,?,?,?,?,?)
2026-09-19 18:21:22 INFO  [http-nio-8081-exec-9] c.I.M.ServiceImpl.BookingServiceImpl - Booking last line
2026-09-19 18:21:23 DEBUG [http-nio-8081-exec-10] c.I.M.ServiceImpl.BookingServiceImpl - createBooking with request com.Irctc.MMR_Service.Dto.BookingRequestDto@20f80031
2026-09-19 18:21:23 INFO  [http-nio-8081-exec-10] c.I.M.ServiceImpl.BookingServiceImpl - Booking: com.Irctc.MMR_Service.Dto.BookingRequestDto@20f80031
2026-09-19 18:21:23 DEBUG [http-nio-8081-exec-10] org.hibernate.SQL - insert into bookings (amount,destination,passenger_name,seats,source,status,train_id,train_name) values (?,?,?,?,?,?,?,?)
2026-09-19 18:21:23 INFO  [http-nio-8081-exec-10] c.I.M.ServiceImpl.BookingServiceImpl - Booking last line
2026-09-19 18:21:24 DEBUG [http-nio-8081-exec-1] c.I.M.ServiceImpl.BookingServiceImpl - createBooking with request com.Irctc.MMR_Service.Dto.BookingRequestDto@34876fc4
2026-09-19 18:21:24 INFO  [http-nio-8081-exec-1] c.I.M.ServiceImpl.BookingServiceImpl - Booking: com.Irctc.MMR_Service.Dto.BookingRequestDto@34876fc4
2026-09-19 18:21:24 DEBUG [http-nio-8081-exec-1] org.hibernate.SQL - insert into bookings (amount,destination,passenger_name,seats,source,status,train_id,train_name) values (?,?,?,?,?,?,?,?)
2026-09-19 18:21:25 INFO  [http-nio-8081-exec-1] c.I.M.ServiceImpl.BookingServiceImpl - Booking last line
2026-09-19 18:21:30 DEBUG [http-nio-8081-exec-4] c.I.M.ServiceImpl.BookingServiceImpl - createBooking with request com.Irctc.MMR_Service.Dto.BookingRequestDto@68bffaa1
2026-09-19 18:21:30 INFO  [http-nio-8081-exec-4] c.I.M.ServiceImpl.BookingServiceImpl - Booking: com.Irctc.MMR_Service.Dto.BookingRequestDto@68bffaa1
2026-09-19 18:21:30 DEBUG [http-nio-8081-exec-4] org.hibernate.SQL - insert into bookings (amount,destination,passenger_name,seats,source,status,train_id,train_name) values (?,?,?,?,?,?,?,?)
2026-09-19 18:21:30 INFO  [http-nio-8081-exec-4] c.I.M.ServiceImpl.BookingServiceImpl - Booking last line
2026-09-19 18:21:31 DEBUG [http-nio-8081-exec-3] c.I.M.ServiceImpl.BookingServiceImpl - createBooking with request com.Irctc.MMR_Service.Dto.BookingRequestDto@29280b8f
2026-09-19 18:21:31 INFO  [http-nio-8081-exec-3] c.I.M.ServiceImpl.BookingServiceImpl - Booking: com.Irctc.MMR_Service.Dto.BookingRequestDto@29280b8f
2026-09-19 18:21:31 DEBUG [http-nio-8081-exec-3] org.hibernate.SQL - insert into bookings (amount,destination,passenger_name,seats,source,status,train_id,train_name) values (?,?,?,?,?,?,?,?)
2026-09-19 18:21:31 INFO  [http-nio-8081-exec-3] c.I.M.ServiceImpl.BookingServiceImpl - Booking last line
2026-09-19 18:21:32 DEBUG [http-nio-8081-exec-2] c.I.M.ServiceImpl.BookingServiceImpl - createBooking with request com.Irctc.MMR_Service.Dto.BookingRequestDto@466c69fe
2026-09-19 18:21:32 INFO  [http-nio-8081-exec-2] c.I.M.ServiceImpl.BookingServiceImpl - Booking: com.Irctc.MMR_Service.Dto.BookingRequestDto@466c69fe
2026-09-19 18:21:32 DEBUG [http-nio-8081-exec-2] org.hibernate.SQL - insert into bookings (amount,destination,passenger_name,seats,source,status,train_id,train_name) values (?,?,?,?,?,?,?,?)
2026-09-19 18:21:32 INFO  [http-nio-8081-exec-2] c.I.M.ServiceImpl.BookingServiceImpl - Booking last line
2026-09-19 18:21:33 DEBUG [http-nio-8081-exec-5] c.I.M.ServiceImpl.BookingServiceImpl - createBooking with request com.Irctc.MMR_Service.Dto.BookingRequestDto@67180cf1
2026-09-19 18:21:33 INFO  [http-nio-8081-exec-5] c.I.M.ServiceImpl.BookingServiceImpl - Booking: com.Irctc.MMR_Service.Dto.BookingRequestDto@67180cf1
2026-09-19 18:21:33 DEBUG [http-nio-8081-exec-5] org.hibernate.SQL - insert into bookings (amount,destination,passenger_name,seats,source,status,train_id,train_name) values (?,?,?,?,?,?,?,?)
2026-09-19 18:21:33 INFO  [http-nio-8081-exec-5] c.I.M.ServiceImpl.BookingServiceImpl - Booking last line
2026-09-19 18:21:34 DEBUG [http-nio-8081-exec-6] c.I.M.ServiceImpl.BookingServiceImpl - createBooking with request com.Irctc.MMR_Service.Dto.BookingRequestDto@3b8a5b31
2026-09-19 18:21:34 INFO  [http-nio-8081-exec-6] c.I.M.ServiceImpl.BookingServiceImpl - Booking: com.Irctc.MMR_Service.Dto.BookingRequestDto@3b8a5b31
2026-09-19 18:21:34 DEBUG [http-nio-8081-exec-6] org.hibernate.SQL - insert into bookings (amount,destination,passenger_name,seats,source,status,train_id,train_name) values (?,?,?,?,?,?,?,?)
2026-09-19 18:21:34 INFO  [http-nio-8081-exec-6] c.I.M.ServiceImpl.BookingServiceImpl - Booking last line
2026-09-19 18:21:35 DEBUG [http-nio-8081-exec-7] c.I.M.ServiceImpl.BookingServiceImpl - createBooking with request com.Irctc.MMR_Service.Dto.BookingRequestDto@1ef5724c
2026-09-19 18:21:35 INFO  [http-nio-8081-exec-7] c.I.M.ServiceImpl.BookingServiceImpl - Booking: com.Irctc.MMR_Service.Dto.BookingRequestDto@1ef5724c
2026-09-19 18:21:36 DEBUG [http-nio-8081-exec-7] org.hibernate.SQL - insert into bookings (amount,destination,passenger_name,seats,source,status,train_id,train_name) values (?,?,?,?,?,?,?,?)
2026-09-19 18:21:36 INFO  [http-nio-8081-exec-7] c.I.M.ServiceImpl.BookingServiceImpl - Booking last line
2026-09-19 18:21:37 DEBUG [http-nio-8081-exec-8] c.I.M.ServiceImpl.BookingServiceImpl - createBooking with request com.Irctc.MMR_Service.Dto.BookingRequestDto@4a5fdb19
2026-09-19 18:21:37 INFO  [http-nio-8081-exec-8] c.I.M.ServiceImpl.BookingServiceImpl - Booking: com.Irctc.MMR_Service.Dto.BookingRequestDto@4a5fdb19
2026-09-19 18:21:37 DEBUG [http-nio-8081-exec-8] org.hibernate.SQL - insert into bookings (amount,destination,passenger_name,seats,source,status,train_id,train_name) values (?,?,?,?,?,?,?,?)
2026-09-19 18:21:37 INFO  [http-nio-8081-exec-8] c.I.M.ServiceImpl.BookingServiceImpl - Booking last line
2026-09-19 18:21:38 DEBUG [http-nio-8081-exec-9] c.I.M.ServiceImpl.BookingServiceImpl - createBooking with request com.Irctc.MMR_Service.Dto.BookingRequestDto@389fef08
2026-09-19 18:21:38 INFO  [http-nio-8081-exec-9] c.I.M.ServiceImpl.BookingServiceImpl - Booking: com.Irctc.MMR_Service.Dto.BookingRequestDto@389fef08
2026-09-19 18:21:38 DEBUG [http-nio-8081-exec-9] org.hibernate.SQL - insert into bookings (amount,destination,passenger_name,seats,source,status,train_id,train_name) values (?,?,?,?,?,?,?,?)
2026-09-19 18:21:38 INFO  [http-nio-8081-exec-9] c.I.M.ServiceImpl.BookingServiceImpl - Booking last line
2026-09-19 18:21:39 DEBUG [http-nio-8081-exec-10] c.I.M.ServiceImpl.BookingServiceImpl - createBooking with request com.Irctc.MMR_Service.Dto.BookingRequestDto@5ea77a8b
2026-09-19 18:21:39 INFO  [http-nio-8081-exec-10] c.I.M.ServiceImpl.BookingServiceImpl - Booking: com.Irctc.MMR_Service.Dto.BookingRequestDto@5ea77a8b
2026-09-19 18:21:39 DEBUG [http-nio-8081-exec-10] org.hibernate.SQL - insert into bookings (amount,destination,passenger_name,seats,source,status,train_id,train_name) values (?,?,?,?,?,?,?,?)
2026-09-19 18:21:39 INFO  [http-nio-8081-exec-10] c.I.M.ServiceImpl.BookingServiceImpl - Booking last line
2026-09-19 18:21:40 DEBUG [http-nio-8081-exec-1] c.I.M.ServiceImpl.BookingServiceImpl - createBooking with request com.Irctc.MMR_Service.Dto.BookingRequestDto@5ccf3d10
2026-09-19 18:21:40 INFO  [http-nio-8081-exec-1] c.I.M.ServiceImpl.BookingServiceImpl - Booking: com.Irctc.MMR_Service.Dto.BookingRequestDto@5ccf3d10
2026-09-19 18:21:40 DEBUG [http-nio-8081-exec-1] org.hibernate.SQL - insert into bookings (amount,destination,passenger_name,seats,source,status,train_id,train_name) values (?,?,?,?,?,?,?,?)
2026-09-19 18:21:40 INFO  [http-nio-8081-exec-1] c.I.M.ServiceImpl.BookingServiceImpl - Booking last line
2026-09-19 18:21:41 DEBUG [http-nio-8081-exec-4] c.I.M.ServiceImpl.BookingServiceImpl - createBooking with request com.Irctc.MMR_Service.Dto.BookingRequestDto@483d5b1f
2026-09-19 18:21:41 INFO  [http-nio-8081-exec-4] c.I.M.ServiceImpl.BookingServiceImpl - Booking: com.Irctc.MMR_Service.Dto.BookingRequestDto@483d5b1f
2026-09-19 18:21:41 DEBUG [http-nio-8081-exec-4] org.hibernate.SQL - insert into bookings (amount,destination,passenger_name,seats,source,status,train_id,train_name) values (?,?,?,?,?,?,?,?)
2026-09-19 18:21:41 INFO  [http-nio-8081-exec-4] c.I.M.ServiceImpl.BookingServiceImpl - Booking last line
2026-09-19 18:21:42 DEBUG [http-nio-8081-exec-3] c.I.M.ServiceImpl.BookingServiceImpl - createBooking with request com.Irctc.MMR_Service.Dto.BookingRequestDto@2b5431cf
2026-09-19 18:21:42 INFO  [http-nio-8081-exec-3] c.I.M.ServiceImpl.BookingServiceImpl - Booking: com.Irctc.MMR_Service.Dto.BookingRequestDto@2b5431cf
2026-09-19 18:21:42 DEBUG [http-nio-8081-exec-3] org.hibernate.SQL - insert into bookings (amount,destination,passenger_name,seats,source,status,train_id,train_name) values (?,?,?,?,?,?,?,?)
2026-09-19 18:21:42 INFO  [http-nio-8081-exec-3] c.I.M.ServiceImpl.BookingServiceImpl - Booking last line
2026-09-19 18:21:43 DEBUG [http-nio-8081-exec-2] c.I.M.ServiceImpl.BookingServiceImpl - createBooking with request com.Irctc.MMR_Service.Dto.BookingRequestDto@7295097a
2026-09-19 18:21:43 INFO  [http-nio-8081-exec-2] c.I.M.ServiceImpl.BookingServiceImpl - Booking: com.Irctc.MMR_Service.Dto.BookingRequestDto@7295097a
2026-09-19 18:21:43 DEBUG [http-nio-8081-exec-2] org.hibernate.SQL - insert into bookings (amount,destination,passenger_name,seats,source,status,train_id,train_name) values (?,?,?,?,?,?,?,?)
2026-09-19 18:21:43 INFO  [http-nio-8081-exec-2] c.I.M.ServiceImpl.BookingServiceImpl - Booking last line
2026-09-19 18:21:44 DEBUG [http-nio-8081-exec-5] c.I.M.ServiceImpl.BookingServiceImpl - createBooking with request com.Irctc.MMR_Service.Dto.BookingRequestDto@5a929e46
2026-09-19 18:21:44 INFO  [http-nio-8081-exec-5] c.I.M.ServiceImpl.BookingServiceImpl - Booking: com.Irctc.MMR_Service.Dto.BookingRequestDto@5a929e46
2026-09-19 18:21:44 DEBUG [http-nio-8081-exec-5] org.hibernate.SQL - insert into bookings (amount,destination,passenger_name,seats,source,status,train_id,train_name) values (?,?,?,?,?,?,?,?)
2026-09-19 18:21:44 INFO  [http-nio-8081-exec-5] c.I.M.ServiceImpl.BookingServiceImpl - Booking last line
2026-09-19 18:21:45 DEBUG [http-nio-8081-exec-6] c.I.M.ServiceImpl.BookingServiceImpl - createBooking with request com.Irctc.MMR_Service.Dto.BookingRequestDto@2c52f08d
2026-09-19 18:21:45 INFO  [http-nio-8081-exec-6] c.I.M.ServiceImpl.BookingServiceImpl - Booking: com.Irctc.MMR_Service.Dto.BookingRequestDto@2c52f08d
2026-09-19 18:21:45 DEBUG [http-nio-8081-exec-6] org.hibernate.SQL - insert into bookings (amount,destination,passenger_name,seats,source,status,train_id,train_name) values (?,?,?,?,?,?,?,?)
2026-09-19 18:21:45 INFO  [http-nio-8081-exec-6] c.I.M.ServiceImpl.BookingServiceImpl - Booking last line
2026-09-19 18:21:46 DEBUG [http-nio-8081-exec-7] c.I.M.ServiceImpl.BookingServiceImpl - createBooking with request com.Irctc.MMR_Service.Dto.BookingRequestDto@7e52ca69
2026-09-19 18:21:46 INFO  [http-nio-8081-exec-7] c.I.M.ServiceImpl.BookingServiceImpl - Booking: com.Irctc.MMR_Service.Dto.BookingRequestDto@7e52ca69
2026-09-19 18:21:46 DEBUG [http-nio-8081-exec-7] org.hibernate.SQL - insert into bookings (amount,destination,passenger_name,seats,source,status,train_id,train_name) values (?,?,?,?,?,?,?,?)
2026-09-19 18:21:46 INFO  [http-nio-8081-exec-7] c.I.M.ServiceImpl.BookingServiceImpl - Booking last line
2026-09-19 18:21:47 DEBUG [http-nio-8081-exec-8] c.I.M.ServiceImpl.BookingServiceImpl - createBooking with request com.Irctc.MMR_Service.Dto.BookingRequestDto@eaf278b
2026-09-19 18:21:47 INFO  [http-nio-8081-exec-8] c.I.M.ServiceImpl.BookingServiceImpl - Booking: com.Irctc.MMR_Service.Dto.BookingRequestDto@eaf278b
2026-09-19 18:21:47 DEBUG [http-nio-8081-exec-8] org.hibernate.SQL - insert into bookings (amount,destination,passenger_name,seats,source,status,train_id,train_name) values (?,?,?,?,?,?,?,?)
2026-09-19 18:21:47 INFO  [http-nio-8081-exec-8] c.I.M.ServiceImpl.BookingServiceImpl - Booking last line
2026-09-19 18:22:25 INFO  [SpringApplicationShutdownHook] o.s.boot.tomcat.GracefulShutdown - Commencing graceful shutdown. Waiting for active requests to complete
2026-09-19 18:22:25 INFO  [tomcat-shutdown] o.s.boot.tomcat.GracefulShutdown - Graceful shutdown complete
2026-09-19 18:22:25 INFO  [SpringApplicationShutdownHook] o.s.o.j.LocalContainerEntityManagerFactoryBean - Closing JPA EntityManagerFactory for persistence unit 'default'
2026-09-19 18:22:25 INFO  [SpringApplicationShutdownHook] com.zaxxer.hikari.HikariDataSource - HikariPool-1 - Shutdown initiated...
2026-09-19 18:22:25 INFO  [SpringApplicationShutdownHook] com.zaxxer.hikari.HikariDataSource - HikariPool-1 - Shutdown completed.
